// Jest Snapshot v1, https://goo.gl/fbAQLP

exports[`hideScrollBars should be able to hide and show the scrollbars 1`] = `""`;

exports[`hideScrollBars should be able to hide and show the scrollbars 2`] = `"hidden"`;

exports[`hideScrollBars should be able to hide and show the scrollbars 3`] = `""`;
